Archive member included to satisfy reference by file (symbol)

/opt/xpack-riscv-none-elf-gcc-13.3.0-2/bin/../lib/gcc/riscv-none-elf/13.3.0/rv32ia/ilp32/libgcc.a(muldf3.o)
                              ./src/bsp/hbird-e200/stubs/printf.o (__muldf3)
/opt/xpack-riscv-none-elf-gcc-13.3.0-2/bin/../lib/gcc/riscv-none-elf/13.3.0/rv32ia/ilp32/libgcc.a(fixunsdfsi.o)
                              ./src/bsp/hbird-e200/stubs/printf.o (__fixunsdfsi)
/opt/xpack-riscv-none-elf-gcc-13.3.0-2/bin/../lib/gcc/riscv-none-elf/13.3.0/rv32ia/ilp32/libgcc.a(muldi3.o)
                              /opt/xpack-riscv-none-elf-gcc-13.3.0-2/bin/../lib/gcc/riscv-none-elf/13.3.0/rv32ia/ilp32/libgcc.a(muldf3.o) (__mulsi3)
/opt/xpack-riscv-none-elf-gcc-13.3.0-2/bin/../lib/gcc/riscv-none-elf/13.3.0/rv32ia/ilp32/libgcc.a(_clzsi2.o)
                              /opt/xpack-riscv-none-elf-gcc-13.3.0-2/bin/../lib/gcc/riscv-none-elf/13.3.0/rv32ia/ilp32/libgcc.a(muldf3.o) (__clzsi2)
/opt/xpack-riscv-none-elf-gcc-13.3.0-2/bin/../lib/gcc/riscv-none-elf/13.3.0/rv32ia/ilp32/libgcc.a(_clz.o)
                              /opt/xpack-riscv-none-elf-gcc-13.3.0-2/bin/../lib/gcc/riscv-none-elf/13.3.0/rv32ia/ilp32/libgcc.a(_clzsi2.o) (__clz_tab)
/opt/xpack-riscv-none-elf-gcc-13.3.0-2/bin/../lib/gcc/riscv-none-elf/13.3.0/../../../../riscv-none-elf/lib/rv32ia/ilp32/libg_nano.a(libc_a-atexit.o)
                              ./src/bsp/hbird-e200/env/start.o (atexit)
/opt/xpack-riscv-none-elf-gcc-13.3.0-2/bin/../lib/gcc/riscv-none-elf/13.3.0/../../../../riscv-none-elf/lib/rv32ia/ilp32/libg_nano.a(libc_a-exit.o)
                              ./src/bsp/hbird-e200/env/start.o (exit)
/opt/xpack-riscv-none-elf-gcc-13.3.0-2/bin/../lib/gcc/riscv-none-elf/13.3.0/../../../../riscv-none-elf/lib/rv32ia/ilp32/libg_nano.a(libc_a-findfp.o)
                              /opt/xpack-riscv-none-elf-gcc-13.3.0-2/bin/../lib/gcc/riscv-none-elf/13.3.0/../../../../riscv-none-elf/lib/rv32ia/ilp32/libg_nano.a(libc_a-exit.o) (__stdio_exit_handler)
/opt/xpack-riscv-none-elf-gcc-13.3.0-2/bin/../lib/gcc/riscv-none-elf/13.3.0/../../../../riscv-none-elf/lib/rv32ia/ilp32/libg_nano.a(libc_a-fwalk.o)
                              /opt/xpack-riscv-none-elf-gcc-13.3.0-2/bin/../lib/gcc/riscv-none-elf/13.3.0/../../../../riscv-none-elf/lib/rv32ia/ilp32/libg_nano.a(libc_a-findfp.o) (_fwalk_sglue)
/opt/xpack-riscv-none-elf-gcc-13.3.0-2/bin/../lib/gcc/riscv-none-elf/13.3.0/../../../../riscv-none-elf/lib/rv32ia/ilp32/libg_nano.a(libc_a-printf.o)
                              ./src/bsp/hbird-e200/env/init.o (printf)
/opt/xpack-riscv-none-elf-gcc-13.3.0-2/bin/../lib/gcc/riscv-none-elf/13.3.0/../../../../riscv-none-elf/lib/rv32ia/ilp32/libg_nano.a(libc_a-scanf.o)
                              ./src/main.o (scanf)
/opt/xpack-riscv-none-elf-gcc-13.3.0-2/bin/../lib/gcc/riscv-none-elf/13.3.0/../../../../riscv-none-elf/lib/rv32ia/ilp32/libg_nano.a(libc_a-stdio.o)
                              /opt/xpack-riscv-none-elf-gcc-13.3.0-2/bin/../lib/gcc/riscv-none-elf/13.3.0/../../../../riscv-none-elf/lib/rv32ia/ilp32/libg_nano.a(libc_a-findfp.o) (__sread)
/opt/xpack-riscv-none-elf-gcc-13.3.0-2/bin/../lib/gcc/riscv-none-elf/13.3.0/../../../../riscv-none-elf/lib/rv32ia/ilp32/libg_nano.a(libc_a-strnlen.o)
                              ./src/bsp/hbird-e200/stubs/printf.o (strnlen)
/opt/xpack-riscv-none-elf-gcc-13.3.0-2/bin/../lib/gcc/riscv-none-elf/13.3.0/../../../../riscv-none-elf/lib/rv32ia/ilp32/libg_nano.a(libc_a-closer.o)
                              /opt/xpack-riscv-none-elf-gcc-13.3.0-2/bin/../lib/gcc/riscv-none-elf/13.3.0/../../../../riscv-none-elf/lib/rv32ia/ilp32/libg_nano.a(libc_a-stdio.o) (_close_r)
/opt/xpack-riscv-none-elf-gcc-13.3.0-2/bin/../lib/gcc/riscv-none-elf/13.3.0/../../../../riscv-none-elf/lib/rv32ia/ilp32/libg_nano.a(libc_a-reent.o)
                              /opt/xpack-riscv-none-elf-gcc-13.3.0-2/bin/../lib/gcc/riscv-none-elf/13.3.0/../../../../riscv-none-elf/lib/rv32ia/ilp32/libg_nano.a(libc_a-closer.o) (errno)
/opt/xpack-riscv-none-elf-gcc-13.3.0-2/bin/../lib/gcc/riscv-none-elf/13.3.0/../../../../riscv-none-elf/lib/rv32ia/ilp32/libg_nano.a(libc_a-impure.o)
                              /opt/xpack-riscv-none-elf-gcc-13.3.0-2/bin/../lib/gcc/riscv-none-elf/13.3.0/../../../../riscv-none-elf/lib/rv32ia/ilp32/libg_nano.a(libc_a-printf.o) (_impure_ptr)
/opt/xpack-riscv-none-elf-gcc-13.3.0-2/bin/../lib/gcc/riscv-none-elf/13.3.0/../../../../riscv-none-elf/lib/rv32ia/ilp32/libg_nano.a(libc_a-lseekr.o)
                              /opt/xpack-riscv-none-elf-gcc-13.3.0-2/bin/../lib/gcc/riscv-none-elf/13.3.0/../../../../riscv-none-elf/lib/rv32ia/ilp32/libg_nano.a(libc_a-stdio.o) (_lseek_r)
/opt/xpack-riscv-none-elf-gcc-13.3.0-2/bin/../lib/gcc/riscv-none-elf/13.3.0/../../../../riscv-none-elf/lib/rv32ia/ilp32/libg_nano.a(libc_a-readr.o)
[...]
Memory Configuration

Name             Origin             Length             Attributes
itcm             0x80000000         0x00004000         axrl!w
ram              0x90000000         0x00004000         axw!rl
*default*        0x00000000         0xffffffff

Linker script and memory map

LOAD ./src/bsp/hbird-e200/stubs/_exit.o
LOAD ./src/bsp/hbird-e200/stubs/close.o
LOAD ./src/bsp/hbird-e200/stubs/fstat.o
LOAD ./src/bsp/hbird-e200/stubs/isatty.o
LOAD ./src/bsp/hbird-e200/stubs/lseek.o
LOAD ./src/bsp/hbird-e200/stubs/malloc.o
LOAD ./src/bsp/hbird-e200/stubs/printf.o
LOAD ./src/bsp/hbird-e200/stubs/read.o
LOAD ./src/bsp/hbird-e200/stubs/sbrk.o
LOAD ./src/bsp/hbird-e200/stubs/write.o
LOAD ./src/bsp/hbird-e200/stubs/write_hex.o
LOAD ./src/bsp/hbird-e200/env/entry.o
LOAD ./src/bsp/hbird-e200/env/init.o
LOAD ./src/bsp/hbird-e200/env/start.o
LOAD ./src/bsp/hbird-e200/drivers/plic/plic_driver.o
LOAD ./src/bsp/hbird-e200/drivers/hclkgen/hclkgen_driver.o
LOAD ./src/main.o
LOAD /opt/xpack-riscv-none-elf-gcc-13.3.0-2/bin/../lib/gcc/riscv-none-elf/13.3.0/rv32ia/ilp32/libgcc.a
LOAD /opt/xpack-riscv-none-elf-gcc-13.3.0-2/bin/../lib/gcc/riscv-none-elf/13.3.0/../../../../riscv-none-elf/lib/rv32ia/ilp32/libg_nano.a
LOAD /opt/xpack-riscv-none-elf-gcc-13.3.0-2/bin/../lib/gcc/riscv-none-elf/13.3.0/../../../../riscv-none-elf/lib/rv32ia/ilp32/libc_nano.a
LOAD /opt/xpack-riscv-none-elf-gcc-13.3.0-2/bin/../lib/gcc/riscv-none-elf/13.3.0/rv32ia/ilp32/libgcc.a
START GROUP
LOAD /opt/xpack-riscv-none-elf-gcc-13.3.0-2/bin/../lib/gcc/riscv-none-elf/13.3.0/rv32ia/ilp32/libgcc.a
LOAD /opt/xpack-riscv-none-elf-gcc-13.3.0-2/bin/../lib/gcc/riscv-none-elf/13.3.0/../../../../riscv-none-elf/lib/rv32ia/ilp32/libc_nano.a
LOAD /opt/xpack-riscv-none-elf-gcc-13.3.0-2/bin/../lib/gcc/riscv-none-elf/13.3.0/../../../../riscv-none-elf/lib/rv32ia/ilp32/libgloss_nano.a
END GROUP
                0x00000800                        __stack_size = DEFINED (__stack_size)?__stack_size:0x800

.init           0x80000000       0xc0
 *(SORT_NONE(.init))
 .init          0x80000000       0xc0 ./src/bsp/hbird-e200/env/start.o
                0x80000000                _start

.ilalign        0x800000c0        0x0
                0x800000c0                        . = ALIGN (0x4)
                0x800000c0                        PROVIDE (_itcm_lma = .)

.ialign         0x800000c0        0x0
                0x800000c0                        PROVIDE (_itcm = .)

.text           0x800000c0     0x39a8
 *(.text.unlikely .text.unlikely.*)
 *(.text.startup .text.startup.*)
 .text.startup.main
                0x800000c0      0x158 ./src/main.o
                0x800000c0                main
 *(.text .text.*)
 .text._exit    0x80000218       0x94 ./src/bsp/hbird-e200/stubs/_exit.o
                0x80000218                _exit
 .text._close   0x800002ac        0x8 ./src/bsp/hbird-e200/stubs/close.o
                0x800002ac                _close
 .text._fstat   0x800002b4       0x3c ./src/bsp/hbird-e200/stubs/fstat.o
                0x800002b4                _fstat
 .text._isatty  0x800002f0        0xc ./src/bsp/hbird-e200/stubs/isatty.o
                0x800002f0                _isatty
 .text._lseek   0x800002fc       0x20 ./src/bsp/hbird-e200/stubs/lseek.o
                0x800002fc                _lseek
 .text._read    0x8000031c       0x58 ./src/bsp/hbird-e200/stubs/read.o
                0x8000031c                _read
 .text._sbrk    0x80000374       0x38 ./src/bsp/hbird-e200/stubs/sbrk.o
                0x80000374                _sbrk
 .text._write   0x800003ac       0x88 ./src/bsp/hbird-e200/stubs/write.o
                0x800003ac                _write
 .text.write_hex
                0x80000434       0xd4 ./src/bsp/hbird-e200/stubs/write_hex.o
                0x80000434                write_hex
 .text.entry    0x80000508       0xa0 ./src/bsp/hbird-e200/env/entry.o
                0x80000508                trap_entry
 .text.measure_cpu_freq
                0x800005a8       0x50 ./src/bsp/hbird-e200/env/init.o
 .text.handle_m_ext_interrupt
                0x800005f8        0x4 ./src/bsp/hbird-e200/env/init.o
                0x800005f8                handle_m_ext_interrupt
 .text.handle_m_time_interrupt
                0x800005fc        0x4 ./src/bsp/hbird-e200/env/init.o
                0x800005fc                handle_m_time_interrupt
 .text.handle_trap
                0x80000600       0x88 ./src/bsp/hbird-e200/env/init.o
                0x80000600                handle_trap
 .text._init    0x80000688       0xb4 ./src/bsp/hbird-e200/env/init.o
                0x80000688                _init
 .text._fini    0x8000073c        0x4 ./src/bsp/hbird-e200/env/init.o
                0x8000073c                _fini
 .text          0x80000740       0x24 /opt/xpack-riscv-none-elf-gcc-13.3.0-2/bin/../lib/gcc/riscv-none-elf/13.3.0/rv32ia/ilp32/libgcc.a(muldi3.o)
                0x80000740                __mulsi3
 .text.atexit   0x80000764       0x14 /opt/xpack-riscv-none-elf-gcc-13.3.0-2/bin/../lib/gcc/riscv-none-elf/13.3.0/../../../../riscv-none-elf/lib/rv32ia/ilp32/libg_nano.a(libc_a-atexit.o)
                0x80000764                atexit
 .text.exit     0x80000778       0x38 /opt/xpack-riscv-none-elf-gcc-13.3.0-2/bin/../lib/gcc/riscv-none-elf/13.3.0/../../../../riscv-none-elf/lib/rv32ia/ilp32/libg_nano.a(libc_a-exit.o)
                0x80000778                exit
 .text.std      0x800007b0       0xbc /opt/xpack-riscv-none-elf-gcc-13.3.0-2/bin/../lib/gcc/riscv-none-elf/13.3.0/../../../../riscv-none-elf/lib/rv32ia/ilp32/libg_nano.a(libc_a-findfp.o)
 .text.stdio_exit_handler
                0x8000086c       0x1c /opt/xpack-riscv-none-elf-gcc-13.3.0-2/bin/../lib/gcc/riscv-none-elf/13.3.0/../../../../riscv-none-elf/lib/rv32ia/ilp32/libg_nano.a(libc_a-findfp.o)
 .text.cleanup_stdio
                0x80000888       0x6c /opt/xpack-riscv-none-elf-gcc-13.3.0-2/bin/../lib/gcc/riscv-none-elf/13.3.0/../../../../riscv-none-elf/lib/rv32ia/ilp32/libg_nano.a(libc_a-findfp.o)
 .text.global_stdio_init.part.0
                0x800008f4       0x54 /opt/xpack-riscv-none-elf-gcc-13.3.0-2/bin/../lib/gcc/riscv-none-elf/13.3.0/../../../../riscv-none-elf/lib/rv32ia/ilp32/libg_nano.a(libc_a-findfp.o)
 .text.__sfp_lock_acquire
                0x80000948        0x8 /opt/xpack-riscv-none-elf-gcc-13.3.0-2/bin/../lib/gcc/riscv-none-elf/13.3.0/../../../../riscv-none-elf/lib/rv32ia/ilp32/libg_nano.a(libc_a-findfp.o)
                0x80000948                __sfp_lock_acquire
 .text.__sfp_lock_release
                0x80000950        0x8 /opt/xpack-riscv-none-elf-gcc-13.3.0-2/bin/../lib/gcc/riscv-none-elf/13.3.0/../../../../riscv-none-elf/lib/rv32ia/ilp32/libg_nano.a(libc_a-findfp.o)
                0x80000950                __sfp_lock_release
 .text.__sinit  0x80000958       0x48 /opt/xpack-riscv-none-elf-gcc-13.3.0-2/bin/../lib/gcc/riscv-none-elf/13.3.0/../../../../riscv-none-elf/lib/rv32ia/ilp32/libg_nano.a(libc_a-findfp.o)
                0x80000958                __sinit
 .text._fwalk_sglue
                0x800009a0       0xb0 /opt/xpack-riscv-none-elf-gcc-13.3.0-2/bin/../lib/gcc/riscv-none-elf/13.3.0/../../../../riscv-none-elf/lib/rv32ia/ilp32/libg_nano.a(libc_a-fwalk.o)
                0x800009a0                _fwalk_sglue
 .text.printf   0x80000a50       0x50 /opt/xpack-riscv-none-elf-gcc-13.3.0-2/bin/../lib/gcc/riscv-none-elf/13.3.0/../../../../riscv-none-elf/lib/rv32ia/ilp32/libg_nano.a(libc_a-printf.o)
                0x80000a50                printf
                0x80000a50                iprintf
 .text.scanf    0x80000aa0       0x50 /opt/xpack-riscv-none-elf-gcc-13.3.0-2/bin/../lib/gcc/riscv-none-elf/13.3.0/../../../../riscv-none-elf/lib/rv32ia/ilp32/libg_nano.a(libc_a-scanf.o)
                0x80000aa0                iscanf
                0x80000aa0                scanf
 .text.__sread  0x80000af0       0x50 /opt/xpack-riscv-none-elf-gcc-13.3.0-2/bin/../lib/gcc/riscv-none-elf/13.3.0/../../../../riscv-none-elf/lib/rv32ia/ilp32/libg_nano.a(libc_a-stdio.o)
                0x80000af0                __sread
 .text.__swrite
                0x80000b40       0x84 /opt/xpack-riscv-none-elf-gcc-13.3.0-2/bin/../lib/gcc/riscv-none-elf/13.3.0/../../../../riscv-none-elf/lib/rv32ia/ilp32/libg_nano.a(libc_a-stdio.o)
                0x80000b40                __swrite
 .text.__sseek  0x80000bc4       0x58 /opt/xpack-riscv-none-elf-gcc-13.3.0-2/bin/../lib/gcc/riscv-none-elf/13.3.0/../../../../riscv-none-elf/lib/rv32ia/ilp32/libg_nano.a(libc_a-stdio.o)
                0x80000bc4                __sseek
 .text.__sclose
                0x80000c1c        0x8 /opt/xpack-riscv-none-elf-gcc-13.3.0-2/bin/../lib/gcc/riscv-none-elf/13.3.0/../../../../riscv-none-elf/lib/rv32ia/ilp32/libg_nano.a(libc_a-stdio.o)
                0x80000c1c                __sclose
 .text._close_r
                0x80000c24       0x40 /opt/xpack-riscv-none-elf-gcc-13.3.0-2/bin/../lib/gcc/riscv-none-elf/13.3.0/../../../../riscv-none-elf/lib/rv32ia/ilp32/libg_nano.a(libc_a-closer.o)
                0x80000c24                _close_r
 .text._lseek_r
                0x80000c64       0x48 /opt/xpack-riscv-none-elf-gcc-13.3.0-2/bin/../lib/gcc/riscv-none-elf/13.3.0/../../../../riscv-none-elf/lib/rv32ia/ilp32/libg_nano.a(libc_a-lseekr.o)
                0x80000c64                _lseek_r
 .text._read_r  0x80000cac       0x48 /opt/xpack-riscv-none-elf-gcc-13.3.0-2/bin/../lib/gcc/riscv-none-elf/13.3.0/../../../../riscv-none-elf/lib/rv32ia/ilp32/libg_nano.a(libc_a-readr.o)
                0x80000cac                _read_r
 .text._write_r
                0x80000cf4       0x48 /opt/xpack-riscv-none-elf-gcc-13.3.0-2/bin/../lib/gcc/riscv-none-elf/13.3.0/../../../../riscv-none-elf/lib/rv32ia/ilp32/libg_nano.a(libc_a-writer.o)
                0x80000cf4                _write_r
 .text.__libc_init_array
                0x80000d3c       0x94 /opt/xpack-riscv-none-elf-gcc-13.3.0-2/bin/../lib/gcc/riscv-none-elf/13.3.0/../../../../riscv-none-elf/lib/rv32ia/ilp32/libg_nano.a(libc_a-init.o)
                0x80000d3c                __libc_init_array
 .text.__libc_fini_array
                0x80000dd0       0x58 /opt/xpack-riscv-none-elf-gcc-13.3.0-2/bin/../lib/gcc/riscv-none-elf/13.3.0/../../../../riscv-none-elf/lib/rv32ia/ilp32/libg_nano.a(libc_a-fini.o)
                0x80000dd0                __libc_fini_array
 .text.__retarget_lock_init_recursive
                0x80000e28        0x4 /opt/xpack-riscv-none-elf-gcc-13.3.0-2/bin/../lib/gcc/riscv-none-elf/13.3.0/../../../../riscv-none-elf/lib/rv32ia/ilp32/libg_nano.a(libc_a-lock.o)
                0x80000e28                __retarget_lock_init_recursive
 .text.__retarget_lock_acquire_recursive
                0x80000e2c        0x4 /opt/xpack-riscv-none-elf-gcc-13.3.0-2/bin/../lib/gcc/riscv-none-elf/13.3.0/../../../../riscv-none-elf/lib/rv32ia/ilp32/libg_nano.a(libc_a-lock.o)
                0x80000e2c                __retarget_lock_acquire_recursive
 .text.__retarget_lock_release_recursive
                0x80000e30        0x4 /opt/xpack-riscv-none-elf-gcc-13.3.0-2/bin/../lib/gcc/riscv-none-elf/13.3.0/../../../../riscv-none-elf/lib/rv32ia/ilp32/libg_nano.a(libc_a-lock.o)
                0x80000e30                __retarget_lock_release_recursive
 .text.isatty   0x80000e34        0x4 /opt/xpack-riscv-none-elf-gcc-13.3.0-2/bin/../lib/gcc/riscv-none-elf/13.3.0/../../../../riscv-none-elf/lib/rv32ia/ilp32/libg_nano.a(libc_a-sysisatty.o)
                0x80000e34                isatty
 .text.write    0x80000e38       0x18 /opt/xpack-riscv-none-elf-gcc-13.3.0-2/bin/../lib/gcc/riscv-none-elf/13.3.0/../../../../riscv-none-elf/lib/rv32ia/ilp32/libg_nano.a(libc_a-syswrite.o)
                0x80000e38                write
 .text          0x80000e50       0x1c /opt/xpack-riscv-none-elf-gcc-13.3.0-2/bin/../lib/gcc/riscv-none-elf/13.3.0/../../../../riscv-none-elf/lib/rv32ia/ilp32/libg_nano.a(libc_a-memset.o)
                0x80000e50                memset
 .text.__register_exitproc
                0x80000e6c       0xfc /opt/xpack-riscv-none-elf-gcc-13.3.0-2/bin/../lib/gcc/riscv-none-elf/13.3.0/../../../../riscv-none-elf/lib/rv32ia/ilp32/libg_nano.a(libc_a-__atexit.o)
                0x80000e6c                __register_exitproc
 .text.__call_exitprocs
                0x80000f68      0x148 /opt/xpack-riscv-none-elf-gcc-13.3.0-2/bin/../lib/gcc/riscv-none-elf/13.3.0/../../../../riscv-none-elf/lib/rv32ia/ilp32/libg_nano.a(libc_a-__call_atexit.o)
                0x80000f68                __call_exitprocs
 .text._free_r  0x800010b0       0xfc /opt/xpack-riscv-none-elf-gcc-13.3.0-2/bin/../lib/gcc/riscv-none-elf/13.3.0/../../../../riscv-none-elf/lib/rv32ia/ilp32/libg_nano.a(libc_a-freer.o)
                0x800010b0                _free_r
 .text.sbrk_aligned
                0x800011ac       0x88 /opt/xpack-riscv-none-elf-gcc-13.3.0-2/bin/../lib/gcc/riscv-none-elf/13.3.0/../../../../riscv-none-elf/lib/rv32ia/ilp32/libg_nano.a(libc_a-mallocr.o)
 .text._malloc_r
                0x80001234      0x1c4 /opt/xpack-riscv-none-elf-gcc-13.3.0-2/bin/../lib/gcc/riscv-none-elf/13.3.0/../../../../riscv-none-elf/lib/rv32ia/ilp32/libg_nano.a(libc_a-mallocr.o)
                0x80001234                _malloc_r
 .text.__malloc_lock
                0x800013f8        0x8 /opt/xpack-riscv-none-elf-gcc-13.3.0-2/bin/../lib/gcc/riscv-none-elf/13.3.0/../../../../riscv-none-elf/lib/rv32ia/ilp32/libg_nano.a(libc_a-mlock.o)
                0x800013f8                __malloc_lock
 .text.__malloc_unlock
                0x80001400        0x8 /opt/xpack-riscv-none-elf-gcc-13.3.0-2/bin/../lib/gcc/riscv-none-elf/13.3.0/../../../../riscv-none-elf/lib/rv32ia/ilp32/libg_nano.a(libc_a-mlock.o)
                0x80001400                __malloc_unlock
 .text.__sfputc_r
                0x80001408       0x3c /opt/xpack-riscv-none-elf-gcc-13.3.0-2/bin/../lib/gcc/riscv-none-elf/13.3.0/../../../../riscv-none-elf/lib/rv32ia/ilp32/libg_nano.a(libc_a-nano-vfprintf.o)
 .text.__sfputs_r
                0x80001444       0x74 /opt/xpack-riscv-none-elf-gcc-13.3.0-2/bin/../lib/gcc/riscv-none-elf/13.3.0/../../../../riscv-none-elf/lib/rv32ia/ilp32/libg_nano.a(libc_a-nano-vfprintf.o)
                0x80001444                __sfputs_r
 .text._vfprintf_r
                0x800014b8      0x3f8 /opt/xpack-riscv-none-elf-gcc-13.3.0-2/bin/../lib/gcc/riscv-none-elf/13.3.0/../../../../riscv-none-elf/lib/rv32ia/ilp32/libg_nano.a(libc_a-nano-vfprintf.o)
                0x800014b8                _vfiprintf_r
                0x800014b8                _vfprintf_r
 .text._printf_common
                0x800018b0      0x1b0 /opt/xpack-riscv-none-elf-gcc-13.3.0-2/bin/../lib/gcc/riscv-none-elf/13.3.0/../../../../riscv-none-elf/lib/rv32ia/ilp32/libg_nano.a(libc_a-nano-vfprintf_i.o)
                0x800018b0                _printf_common
 .text._printf_i
                0x80001a60      0x3b8 /opt/xpack-riscv-none-elf-gcc-13.3.0-2/bin/../lib/gcc/riscv-none-elf/13.3.0/../../../../riscv-none-elf/lib/rv32ia/ilp32/libg_nano.a(libc_a-nano-vfprintf_i.o)
                0x80001a60                _printf_i
 .text.__svfscanf_r
                0x80001e18      0x4f4 /opt/xpack-riscv-none-elf-gcc-13.3.0-2/bin/../lib/gcc/riscv-none-elf/13.3.0/../../../../riscv-none-elf/lib/rv32ia/ilp32/libg_nano.a(libc_a-nano-vfscanf.o)
                0x80001e18                __svfiscanf_r
                0x80001e18                __svfscanf_r
 .text._vfscanf_r
                0x8000230c       0x4c /opt/xpack-riscv-none-elf-gcc-13.3.0-2/bin/../lib/gcc/riscv-none-elf/13.3.0/../../../../riscv-none-elf/lib/rv32ia/ilp32/libg_nano.a(libc_a-nano-vfscanf.o)
                0x8000230c                _vfiscanf_r
                0x8000230c                _vfscanf_r
 .text._scanf_chars
                0x80002358      0x188 /opt/xpack-riscv-none-elf-gcc-13.3.0-2/bin/../lib/gcc/riscv-none-elf/13.3.0/../../../../riscv-none-elf/lib/rv32ia/ilp32/libg_nano.a(libc_a-nano-vfscanf_i.o)
                0x80002358                _scanf_chars
 .text._scanf_i
                0x800024e0      0x378 /opt/xpack-riscv-none-elf-gcc-13.3.0-2/bin/../lib/gcc/riscv-none-elf/13.3.0/../../../../riscv-none-elf/lib/rv32ia/ilp32/libg_nano.a(libc_a-nano-vfscanf_i.o)
                0x800024e0                _scanf_i
 .text.__sflush_r
                0x80002858      0x1dc /opt/xpack-riscv-none-elf-gcc-13.3.0-2/bin/../lib/gcc/riscv-none-elf/13.3.0/../../../../riscv-none-elf/lib/rv32ia/ilp32/libg_nano.a(libc_a-fflush.o)
                0x80002858                __sflush_r
 .text._fflush_r
                0x80002a34       0xa4 /opt/xpack-riscv-none-elf-gcc-13.3.0-2/bin/../lib/gcc/riscv-none-elf/13.3.0/../../../../riscv-none-elf/lib/rv32ia/ilp32/libg_nano.a(libc_a-fflush.o)
                0x80002a34                _fflush_r
 .text.lflush   0x80002ad8       0x24 /opt/xpack-riscv-none-elf-gcc-13.3.0-2/bin/../lib/gcc/riscv-none-elf/13.3.0/../../../../riscv-none-elf/lib/rv32ia/ilp32/libg_nano.a(libc_a-refill.o)
 .text.__srefill_r
                0x80002afc      0x184 /opt/xpack-riscv-none-elf-gcc-13.3.0-2/bin/../lib/gcc/riscv-none-elf/13.3.0/../../../../riscv-none-elf/lib/rv32ia/ilp32/libg_nano.a(libc_a-refill.o)
                0x80002afc                __srefill_r
 .text.__sccl   0x80002c80       0xd8 /opt/xpack-riscv-none-elf-gcc-13.3.0-2/bin/../lib/gcc/riscv-none-elf/13.3.0/../../../../riscv-none-elf/lib/rv32ia/ilp32/libg_nano.a(libc_a-sccl.o)
                0x80002c80                __sccl
 .text.__submore
                0x80002d58       0xcc /opt/xpack-riscv-none-elf-gcc-13.3.0-2/bin/../lib/gcc/riscv-none-elf/13.3.0/../../../../riscv-none-elf/lib/rv32ia/ilp32/libg_nano.a(libc_a-ungetc.o)
                0x80002d58                __submore
 .text._ungetc_r
                0x80002e24      0x1d8 /opt/xpack-riscv-none-elf-gcc-13.3.0-2/bin/../lib/gcc/riscv-none-elf/13.3.0/../../../../riscv-none-elf/lib/rv32ia/ilp32/libg_nano.a(libc_a-ungetc.o)
                0x80002e24                _ungetc_r
 .text.__swbuf_r
                0x80002ffc      0x100 /opt/xpack-riscv-none-elf-gcc-13.3.0-2/bin/../lib/gcc/riscv-none-elf/13.3.0/../../../../riscv-none-elf/lib/rv32ia/ilp32/libg_nano.a(libc_a-wbuf.o)
                0x80002ffc                __swbuf_r
 .text.__swsetup_r
                0x800030fc      0x124 /opt/xpack-riscv-none-elf-gcc-13.3.0-2/bin/../lib/gcc/riscv-none-elf/13.3.0/../../../../riscv-none-elf/lib/rv32ia/ilp32/libg_nano.a(libc_a-wsetup.o)
                0x800030fc                __swsetup_r
 .text.memchr   0x80003220       0x24 /opt/xpack-riscv-none-elf-gcc-13.3.0-2/bin/../lib/gcc/riscv-none-elf/13.3.0/../../../../riscv-none-elf/lib/rv32ia/ilp32/libg_nano.a(libc_a-memchr.o)
                0x80003220                memchr
 .text._sbrk_r  0x80003244       0x40 /opt/xpack-riscv-none-elf-gcc-13.3.0-2/bin/../lib/gcc/riscv-none-elf/13.3.0/../../../../riscv-none-elf/lib/rv32ia/ilp32/libg_nano.a(libc_a-sbrkr.o)
                0x80003244                _sbrk_r
 .text          0x80003284       0x24 /opt/xpack-riscv-none-elf-gcc-13.3.0-2/bin/../lib/gcc/riscv-none-elf/13.3.0/../../../../riscv-none-elf/lib/rv32ia/ilp32/libg_nano.a(libc_a-memcpy-asm.o)
                0x80003284                memcpy
 .text._realloc_r
                0x800032a8       0xd8 /opt/xpack-riscv-none-elf-gcc-13.3.0-2/bin/../lib/gcc/riscv-none-elf/13.3.0/../../../../riscv-none-elf/lib/rv32ia/ilp32/libg_nano.a(libc_a-reallocr.o)
                0x800032a8                _realloc_r
 .text._strtol_l.isra.0
                0x80003380      0x21c /opt/xpack-riscv-none-elf-gcc-13.3.0-2/bin/../lib/gcc/riscv-none-elf/13.3.0/../../../../riscv-none-elf/lib/rv32ia/ilp32/libg_nano.a(libc_a-strtol.o)
 .text._strtol_r
                0x8000359c        0x4 /opt/xpack-riscv-none-elf-gcc-13.3.0-2/bin/../lib/gcc/riscv-none-elf/13.3.0/../../../../riscv-none-elf/lib/rv32ia/ilp32/libg_nano.a(libc_a-strtol.o)
                0x8000359c                _strtol_r
 .text._strtoul_l.isra.0
                0x800035a0      0x1e8 /opt/xpack-riscv-none-elf-gcc-13.3.0-2/bin/../lib/gcc/riscv-none-elf/13.3.0/../../../../riscv-none-elf/lib/rv32ia/ilp32/libg_nano.a(libc_a-strtoul.o)
 .text._strtoul_r
                0x80003788        0x4 /opt/xpack-riscv-none-elf-gcc-13.3.0-2/bin/../lib/gcc/riscv-none-elf/13.3.0/../../../../riscv-none-elf/lib/rv32ia/ilp32/libg_nano.a(libc_a-strtoul.o)
                0x80003788                _strtoul_r
 .text.__swhatbuf_r
                0x8000378c       0x90 /opt/xpack-riscv-none-elf-gcc-13.3.0-2/bin/../lib/gcc/riscv-none-elf/13.3.0/../../../../riscv-none-elf/lib/rv32ia/ilp32/libg_nano.a(libc_a-makebuf.o)
                0x8000378c                __swhatbuf_r
 .text.__smakebuf_r
                0x8000381c       0xec /opt/xpack-riscv-none-elf-gcc-13.3.0-2/bin/../lib/gcc/riscv-none-elf/13.3.0/../../../../riscv-none-elf/lib/rv32ia/ilp32/libg_nano.a(libc_a-makebuf.o)
                0x8000381c                __smakebuf_r
 .text._fstat_r
                0x80003908       0x44 /opt/xpack-riscv-none-elf-gcc-13.3.0-2/bin/../lib/gcc/riscv-none-elf/13.3.0/../../../../riscv-none-elf/lib/rv32ia/ilp32/libg_nano.a(libc_a-fstatr.o)
                0x80003908                _fstat_r
 .text._isatty_r
                0x8000394c       0x40 /opt/xpack-riscv-none-elf-gcc-13.3.0-2/bin/../lib/gcc/riscv-none-elf/13.3.0/../../../../riscv-none-elf/lib/rv32ia/ilp32/libg_nano.a(libc_a-isattyr.o)
                0x8000394c                _isatty_r
 .text.__errno  0x8000398c        0xc /opt/xpack-riscv-none-elf-gcc-13.3.0-2/bin/../lib/gcc/riscv-none-elf/13.3.0/../../../../riscv-none-elf/lib/rv32ia/ilp32/libg_nano.a(libc_a-errno.o)
                0x8000398c                __errno
 .text._malloc_usable_size_r
                0x80003998       0x1c /opt/xpack-riscv-none-elf-gcc-13.3.0-2/bin/../lib/gcc/riscv-none-elf/13.3.0/../../../../riscv-none-elf/lib/rv32ia/ilp32/libg_nano.a(libc_a-msizer.o)
                0x80003998                _malloc_usable_size_r
 .text          0x800039b4       0xb4 /opt/xpack-riscv-none-elf-gcc-13.3.0-2/bin/../lib/gcc/riscv-none-elf/13.3.0/rv32ia/ilp32/libgcc.a(div.o)
                0x800039b4                __divsi3
                0x800039bc                __hidden___udivsi3
                0x800039bc                __udivsi3
                0x80003a04                __umodsi3
                0x80003a38                __modsi3
 *(.gnu.linkonce.t.*)

.rela.dyn       0x80003a68        0x0
 .rela.text._sbrk
                0x80003a68        0x0 ./src/bsp/hbird-e200/stubs/_exit.o
 .rela.sdata.curbrk.0
                0x80003a68        0x0 ./src/bsp/hbird-e200/stubs/_exit.o
 .rela.init     0x80003a68        0x0 ./src/bsp/hbird-e200/stubs/_exit.o
 .rela.text.__libc_init_array
                0x80003a68        0x0 ./src/bsp/hbird-e200/stubs/_exit.o
 .rela.text.__libc_fini_array
                0x80003a68        0x0 ./src/bsp/hbird-e200/stubs/_exit.o
 .rela.text.__register_exitproc
                0x80003a68        0x0 ./src/bsp/hbird-e200/stubs/_exit.o
 .rela.text._vfprintf_r
                0x80003a68        0x0 ./src/bsp/hbird-e200/stubs/_exit.o
 .rela.text.__svfscanf_r
                0x80003a68        0x0 ./src/bsp/hbird-e200/stubs/_exit.o

.fini
 *(SORT_NONE(.fini))
                0x80003a68                        . = ALIGN (0x4)
                [!provide]                        PROVIDE (__etext = .)
                [!provide]                        PROVIDE (_etext = .)
                [!provide]                        PROVIDE (etext = .)
                0x80003a68                        PROVIDE (_eitcm = .)

.preinit_array  0x80003a68        0x0
                0x80003a68                        PROVIDE (__preinit_array_start = .)
 *(.preinit_array)
                0x80003a68                        PROVIDE (__preinit_array_end = .)

.init_array     0x80003a68        0x0
                0x80003a68                        PROVIDE (__init_array_start = .)
 *(SORT_BY_INIT_PRIORITY(.init_array.*) SORT_BY_INIT_PRIORITY(.ctors.*))
 *(.init_array EXCLUDE_FILE(*crtend?.o *crtend.o *crtbegin?.o *crtbegin.o) .ctors)
                0x80003a68                        PROVIDE (__init_array_end = .)

.fini_array     0x80003a68        0x0
                0x80003a68                        PROVIDE (__fini_array_start = .)
 *(SORT_BY_INIT_PRIORITY(.fini_array.*) SORT_BY_INIT_PRIORITY(.dtors.*))
 *(.fini_array EXCLUDE_FILE(*crtend?.o *crtend.o *crtbegin?.o *crtbegin.o) .dtors)
                0x80003a68                        PROVIDE (__fini_array_end = .)

.ctors
 *crtbegin.o(.ctors)
 *crtbegin?.o(.ctors)
 *(EXCLUDE_FILE(*crtend?.o *crtend.o) .ctors)
 *(SORT_BY_NAME(.ctors.*))
 *(.ctors)

.dtors
 *crtbegin.o(.dtors)
 *crtbegin?.o(.dtors)
 *(EXCLUDE_FILE(*crtend?.o *crtend.o) .dtors)
 *(SORT_BY_NAME(.dtors.*))
 *(.dtors)
                0x80003a68                        . = ALIGN (0x4)
                [!provide]                        PROVIDE (_eitcm = .)

.lalign         0x80003a68        0x0
                0x80003a68                        . = ALIGN (0x4)
                0x80003a68                        PROVIDE (_data_lma = .)

.dalign         0x90000000        0x0 load address 0x80003a68
                0x90000000                        . = ALIGN (0x4)
                0x90000000                        PROVIDE (_data = .)

.data           0x90000000      0x310 load address 0x80003a68
 *(.rdata)
 *(.rodata .rodata.*)
 .rodata._exit.str1.4
                0x90000000       0xc6 ./src/bsp/hbird-e200/stubs/_exit.o
                                 0x23 (size before relaxing)
 .rodata.write_hex.str1.4
                0x900000c6        0x3 ./src/bsp/hbird-e200/stubs/write_hex.o
 .rodata.handle_trap.str1.4
                0x900000c6        0x6 ./src/bsp/hbird-e200/env/init.o
 .rodata._init.str1.4
                0x900000c6       0x15 ./src/bsp/hbird-e200/env/init.o
 .rodata.main.str1.4
                0x900000c6       0x24 ./src/main.o
 .rodata._vfprintf_r.str1.4
                0x900000c6       0x13 /opt/xpack-riscv-none-elf-gcc-13.3.0-2/bin/../lib/gcc/riscv-none-elf/13.3.0/../../../../riscv-none-elf/lib/rv32ia/ilp32/libg_nano.a(libc_a-nano-vfprintf.o)
 .rodata._printf_i.str1.4
                0x900000c6       0x25 /opt/xpack-riscv-none-elf-gcc-13.3.0-2/bin/../lib/gcc/riscv-none-elf/13.3.0/../../../../riscv-none-elf/lib/rv32ia/ilp32/libg_nano.a(libc_a-nano-vfprintf_i.o)
 *fill*         0x900000c6        0x2 
 .rodata._printf_i
                0x900000c8       0x58 /opt/xpack-riscv-none-elf-gcc-13.3.0-2/bin/../lib/gcc/riscv-none-elf/13.3.0/../../../../riscv-none-elf/lib/rv32ia/ilp32/libg_nano.a(libc_a-nano-vfprintf_i.o)
 .rodata.__svfscanf_r.str1.4
                0x90000120        0x4 /opt/xpack-riscv-none-elf-gcc-13.3.0-2/bin/../lib/gcc/riscv-none-elf/13.3.0/../../../../riscv-none-elf/lib/rv32ia/ilp32/libg_nano.a(libc_a-nano-vfscanf.o)
 .rodata.__svfscanf_r
                0x90000120       0x84 /opt/xpack-riscv-none-elf-gcc-13.3.0-2/bin/../lib/gcc/riscv-none-elf/13.3.0/../../../../riscv-none-elf/lib/rv32ia/ilp32/libg_nano.a(libc_a-nano-vfscanf.o)
 .rodata._scanf_i.str1.4
                0x900001a4       0x1e /opt/xpack-riscv-none-elf-gcc-13.3.0-2/bin/../lib/gcc/riscv-none-elf/13.3.0/../../../../riscv-none-elf/lib/rv32ia/ilp32/libg_nano.a(libc_a-nano-vfscanf_i.o)
 .rodata._ctype_
                0x900001a4      0x101 /opt/xpack-riscv-none-elf-gcc-13.3.0-2/bin/../lib/gcc/riscv-none-elf/13.3.0/../../../../riscv-none-elf/lib/rv32ia/ilp32/libg_nano.a(libc_a-ctype_.o)
                0x900001a4                _ctype_
 *(.gnu.linkonce.r.*)
 *(.data .data.*)
 *fill*         0x900002a5        0x3 
 .data.__sglue  0x900002a8        0xc /opt/xpack-riscv-none-elf-gcc-13.3.0-2/bin/../lib/gcc/riscv-none-elf/13.3.0/../../../../riscv-none-elf/lib/rv32ia/ilp32/libg_nano.a(libc_a-findfp.o)
                0x900002a8                __sglue
 .data._impure_data
                0x900002b4       0x4c /opt/xpack-riscv-none-elf-gcc-13.3.0-2/bin/../lib/gcc/riscv-none-elf/13.3.0/../../../../riscv-none-elf/lib/rv32ia/ilp32/libg_nano.a(libc_a-impure.o)
                0x900002b4                _impure_data
 *(.gnu.linkonce.d.*)
                0x90000300                        . = ALIGN (0x8)
                0x90000b00                        PROVIDE (__global_pointer$ = (. + 0x800))
 *(.sdata .sdata.*)
 .sdata.curbrk.0
                0x90000300        0x4 ./src/bsp/hbird-e200/stubs/sbrk.o
 .sdata._impure_ptr
                0x90000304        0x4 /opt/xpack-riscv-none-elf-gcc-13.3.0-2/bin/../lib/gcc/riscv-none-elf/13.3.0/../../../../riscv-none-elf/lib/rv32ia/ilp32/libg_nano.a(libc_a-impure.o)
                0x90000304                _impure_ptr
 .sdata.__atexit_recursive_mutex
                0x90000308        0x4 /opt/xpack-riscv-none-elf-gcc-13.3.0-2/bin/../lib/gcc/riscv-none-elf/13.3.0/../../../../riscv-none-elf/lib/rv32ia/ilp32/libg_nano.a(libc_a-__call_atexit.o)
                0x90000308                __atexit_recursive_mutex
 *(.gnu.linkonce.s.*)
                0x90000310                        . = ALIGN (0x8)
 *fill*         0x9000030c        0x4 
 *(.srodata.cst16)
 *(.srodata.cst8)
 *(.srodata.cst4)
 *(.srodata.cst2)
 *(.srodata .srodata.*)
                0x90000310                        . = ALIGN (0x4)
                0x90000310                        PROVIDE (_edata = .)
                [!provide]                        PROVIDE (edata = .)
                [!provide]                        PROVIDE (_fbss = .)
                0x90000310                        PROVIDE (__bss_start = .)

.bss            0x90000310      0x1e4
 *(.sbss*)
 .sbss.__stdio_exit_handler
                0x90000310        0x4 /opt/xpack-riscv-none-elf-gcc-13.3.0-2/bin/../lib/gcc/riscv-none-elf/13.3.0/../../../../riscv-none-elf/lib/rv32ia/ilp32/libg_nano.a(libc_a-findfp.o)
                0x90000310                __stdio_exit_handler
 .sbss.errno    0x90000314        0x4 /opt/xpack-riscv-none-elf-gcc-13.3.0-2/bin/../lib/gcc/riscv-none-elf/13.3.0/../../../../riscv-none-elf/lib/rv32ia/ilp32/libg_nano.a(libc_a-reent.o)
                0x90000314                errno
 .sbss.__lock___malloc_recursive_mutex
                0x90000318        0x1 /opt/xpack-riscv-none-elf-gcc-13.3.0-2/bin/../lib/gcc/riscv-none-elf/13.3.0/../../../../riscv-none-elf/lib/rv32ia/ilp32/libg_nano.a(libc_a-lock.o)
                0x90000318                __lock___malloc_recursive_mutex
 *fill*         0x90000319        0x3 
 .sbss.__lock___atexit_recursive_mutex
                0x9000031c        0x1 /opt/xpack-riscv-none-elf-gcc-13.3.0-2/bin/../lib/gcc/riscv-none-elf/13.3.0/../../../../riscv-none-elf/lib/rv32ia/ilp32/libg_nano.a(libc_a-lock.o)
                0x9000031c                __lock___atexit_recursive_mutex
 *fill*         0x9000031d        0x3 
 .sbss.__lock___sfp_recursive_mutex
                0x90000320        0x1 /opt/xpack-riscv-none-elf-gcc-13.3.0-2/bin/../lib/gcc/riscv-none-elf/13.3.0/../../../../riscv-none-elf/lib/rv32ia/ilp32/libg_nano.a(libc_a-lock.o)
                0x90000320                __lock___sfp_recursive_mutex
 *fill*         0x90000321        0x3 
 .sbss.__atexit
                0x90000324        0x4 /opt/xpack-riscv-none-elf-gcc-13.3.0-2/bin/../lib/gcc/riscv-none-elf/13.3.0/../../../../riscv-none-elf/lib/rv32ia/ilp32/libg_nano.a(libc_a-__call_atexit.o)
                0x90000324                __atexit
 .sbss.__malloc_sbrk_start
                0x90000328        0x4 /opt/xpack-riscv-none-elf-gcc-13.3.0-2/bin/../lib/gcc/riscv-none-elf/13.3.0/../../../../riscv-none-elf/lib/rv32ia/ilp32/libg_nano.a(libc_a-mallocr.o)
                0x90000328                __malloc_sbrk_start
 .sbss.__malloc_free_list
                0x9000032c        0x4 /opt/xpack-riscv-none-elf-gcc-13.3.0-2/bin/../lib/gcc/riscv-none-elf/13.3.0/../../../../riscv-none-elf/lib/rv32ia/ilp32/libg_nano.a(libc_a-mallocr.o)
                0x9000032c                __malloc_free_list
 *(.gnu.linkonce.sb.*)
 *(.bss .bss.*)
 .bss.__sf      0x90000330      0x138 /opt/xpack-riscv-none-elf-gcc-13.3.0-2/bin/../lib/gcc/riscv-none-elf/13.3.0/../../../../riscv-none-elf/lib/rv32ia/ilp32/libg_nano.a(libc_a-findfp.o)
                0x90000330                __sf
 .bss.__atexit0
                0x90000468       0x8c /opt/xpack-riscv-none-elf-gcc-13.3.0-2/bin/../lib/gcc/riscv-none-elf/13.3.0/../../../../riscv-none-elf/lib/rv32ia/ilp32/libg_nano.a(libc_a-__atexit.o)
                0x90000468                __atexit0
 *(.gnu.linkonce.b.*)
 *(COMMON)
                0x900004f4                        . = ALIGN (0x4)
                0x900004f8                        . = ALIGN (0x8)
                0x900004f8                        PROVIDE (_end = .)
                [!provide]                        PROVIDE (end = .)

.stack          0x90003800      0x800 load address 0x900004f4
                0x90003800                        PROVIDE (_heap_end = .)
                0x00000800                        . = __stack_size
 *fill*         0x90003800      0x800 
                0x90004000                        PROVIDE (_sp = .)
OUTPUT(e203_uart_demo.elf elf32-littleriscv)

.debug_info     0x00000000     0x13c3
 .debug_info    0x00000000      0x16e ./src/bsp/hbird-e200/stubs/_exit.o
 .debug_info    0x0000016e       0xc3 ./src/bsp/hbird-e200/stubs/close.o
 .debug_info    0x00000231      0x303 ./src/bsp/hbird-e200/stubs/fstat.o
 .debug_info    0x00000534       0xa5 ./src/bsp/hbird-e200/stubs/isatty.o
 .debug_info    0x000005d9      0x12e ./src/bsp/hbird-e200/stubs/lseek.o
 .debug_info    0x00000707      0x182 ./src/bsp/hbird-e200/stubs/read.o
 .debug_info    0x00000889       0xef ./src/bsp/hbird-e200/stubs/sbrk.o
 .debug_info    0x00000978      0x18b ./src/bsp/hbird-e200/stubs/write.o
 .debug_info    0x00000b03      0x19f ./src/bsp/hbird-e200/stubs/write_hex.o
 .debug_info    0x00000ca2       0x25 ./src/bsp/hbird-e200/env/entry.o
 .debug_info    0x00000cc7      0x572 ./src/bsp/hbird-e200/env/init.o
 .debug_info    0x00001239       0x25 ./src/bsp/hbird-e200/env/start.o
 .debug_info    0x0000125e      0x165 ./src/main.o

.debug_abbrev   0x00000000      0xb01
 .debug_abbrev  0x00000000       0xf1 ./src/bsp/hbird-e200/stubs/_exit.o
 .debug_abbrev  0x000000f1       0x7c ./src/bsp/hbird-e200/stubs/close.o
 .debug_abbrev  0x0000016d       0xfb ./src/bsp/hbird-e200/stubs/fstat.o
 .debug_abbrev  0x00000268       0x58 ./src/bsp/hbird-e200/stubs/isatty.o
 .debug_abbrev  0x000002c0       0xbd ./src/bsp/hbird-e200/stubs/lseek.o
 .debug_abbrev  0x0000037d       0xf8 ./src/bsp/hbird-e200/stubs/read.o
 .debug_abbrev  0x00000475       0xad ./src/bsp/hbird-e200/stubs/sbrk.o
 .debug_abbrev  0x00000522       0xfe ./src/bsp/hbird-e200/stubs/write.o
 .debug_abbrev  0x00000620       0xfb ./src/bsp/hbird-e200/stubs/write_hex.o
 .debug_abbrev  0x0000071b       0x14 ./src/bsp/hbird-e200/env/entry.o
 .debug_abbrev  0x0000072f      0x2d8 ./src/bsp/hbird-e200/env/init.o
 .debug_abbrev  0x00000a07       0x14 ./src/bsp/hbird-e200/env/start.o
 .debug_abbrev  0x00000a1b       0xe6 ./src/main.o

.debug_loclists
                0x00000000      0x3d1
 .debug_loclists
                0x00000000       0x1d ./src/bsp/hbird-e200/stubs/_exit.o
 .debug_loclists
                0x0000001d       0x25 ./src/bsp/hbird-e200/stubs/close.o
 .debug_loclists
                0x00000042       0x48 ./src/bsp/hbird-e200/stubs/fstat.o
 .debug_loclists
                0x0000008a       0x2c ./src/bsp/hbird-e200/stubs/isatty.o
 .debug_loclists
                0x000000b6       0x57 ./src/bsp/hbird-e200/stubs/lseek.o
 .debug_loclists
                0x0000010d       0x88 ./src/bsp/hbird-e200/stubs/read.o
 .debug_loclists
                0x00000195       0x25 ./src/bsp/hbird-e200/stubs/sbrk.o
 .debug_loclists
                0x000001ba       0xb4 ./src/bsp/hbird-e200/stubs/write.o
 .debug_loclists
                0x0000026e       0x8c ./src/bsp/hbird-e200/stubs/write_hex.o
 .debug_loclists
                0x000002fa       0xc1 ./src/bsp/hbird-e200/env/init.o
 .debug_loclists
                0x000003bb       0x16 ./src/main.o

.debug_aranges  0x00000000      0x1f0
 .debug_aranges
                0x00000000       0x20 ./src/bsp/hbird-e200/stubs/_exit.o
 .debug_aranges
                0x00000020       0x20 ./src/bsp/hbird-e200/stubs/close.o
 .debug_aranges
                0x00000040       0x20 ./src/bsp/hbird-e200/stubs/fstat.o
 .debug_aranges
                0x00000060       0x20 ./src/bsp/hbird-e200/stubs/isatty.o
 .debug_aranges
                0x00000080       0x20 ./src/bsp/hbird-e200/stubs/lseek.o
 .debug_aranges
                0x000000a0       0x20 ./src/bsp/hbird-e200/stubs/read.o
 .debug_aranges
                0x000000c0       0x20 ./src/bsp/hbird-e200/stubs/sbrk.o
 .debug_aranges
                0x000000e0       0x20 ./src/bsp/hbird-e200/stubs/write.o
 .debug_aranges
                0x00000100       0x20 ./src/bsp/hbird-e200/stubs/write_hex.o
 .debug_aranges
                0x00000120       0x20 ./src/bsp/hbird-e200/env/entry.o
 .debug_aranges
                0x00000140       0x70 ./src/bsp/hbird-e200/env/init.o
 .debug_aranges
                0x000001b0       0x20 ./src/bsp/hbird-e200/env/start.o
 .debug_aranges
                0x000001d0       0x20 ./src/main.o

.debug_rnglists
                0x00000000      0x193
 .debug_rnglists
                0x00000000       0x14 ./src/bsp/hbird-e200/stubs/_exit.o
 .debug_rnglists
                0x00000014       0x13 ./src/bsp/hbird-e200/stubs/close.o
 .debug_rnglists
                0x00000027       0x13 ./src/bsp/hbird-e200/stubs/fstat.o
 .debug_rnglists
                0x0000003a       0x13 ./src/bsp/hbird-e200/stubs/isatty.o
 .debug_rnglists
                0x0000004d       0x13 ./src/bsp/hbird-e200/stubs/lseek.o
 .debug_rnglists
                0x00000060       0x1f ./src/bsp/hbird-e200/stubs/read.o
 .debug_rnglists
                0x0000007f       0x13 ./src/bsp/hbird-e200/stubs/sbrk.o
 .debug_rnglists
                0x00000092       0x20 ./src/bsp/hbird-e200/stubs/write.o
 .debug_rnglists
                0x000000b2       0x29 ./src/bsp/hbird-e200/stubs/write_hex.o
 .debug_rnglists
                0x000000db       0x88 ./src/bsp/hbird-e200/env/init.o
 .debug_rnglists
                0x00000163       0x30 ./src/main.o

.debug_macro    0x00000000     0x536f
 .debug_macro   0x00000000      0x1dd ./src/bsp/hbird-e200/stubs/_exit.o
 .debug_macro   0x000001dd      0x7ba ./src/bsp/hbird-e200/stubs/_exit.o
 .debug_macro   0x00000997       0x22 ./src/bsp/hbird-e200/stubs/_exit.o
 .debug_macro   0x000009b9       0x8e ./src/bsp/hbird-e200/stubs/_exit.o
 .debug_macro   0x00000a47       0x51 ./src/bsp/hbird-e200/stubs/_exit.o
 .debug_macro   0x00000a98      0x190 ./src/bsp/hbird-e200/stubs/_exit.o
 .debug_macro   0x00000c28      0x370 ./src/bsp/hbird-e200/stubs/_exit.o
 .debug_macro   0x00000f98       0x6e ./src/bsp/hbird-e200/stubs/_exit.o
 .debug_macro   0x00001006       0x19 ./src/bsp/hbird-e200/stubs/_exit.o
 .debug_macro   0x0000101f       0x3b ./src/bsp/hbird-e200/stubs/_exit.o
 .debug_macro   0x0000105a       0x34 ./src/bsp/hbird-e200/stubs/_exit.o
 .debug_macro   0x0000108e       0x10 ./src/bsp/hbird-e200/stubs/_exit.o
 .debug_macro   0x0000109e       0x10 ./src/bsp/hbird-e200/stubs/_exit.o
 .debug_macro   0x000010ae       0x16 ./src/bsp/hbird-e200/stubs/_exit.o
 .debug_macro   0x000010c4       0x4a ./src/bsp/hbird-e200/stubs/_exit.o
 .debug_macro   0x0000110e       0x34 ./src/bsp/hbird-e200/stubs/_exit.o
 .debug_macro   0x00001142       0x6a ./src/bsp/hbird-e200/stubs/_exit.o
 .debug_macro   0x000011ac       0x1c ./src/bsp/hbird-e200/stubs/_exit.o
 .debug_macro   0x000011c8       0x52 ./src/bsp/hbird-e200/stubs/_exit.o
 .debug_macro   0x0000121a       0x22 ./src/bsp/hbird-e200/stubs/_exit.o
 .debug_macro   0x0000123c       0x10 ./src/bsp/hbird-e200/stubs/_exit.o
 .debug_macro   0x0000124c       0x52 ./src/bsp/hbird-e200/stubs/_exit.o
 .debug_macro   0x0000129e       0xcf ./src/bsp/hbird-e200/stubs/_exit.o
 .debug_macro   0x0000136d       0x1c ./src/bsp/hbird-e200/stubs/_exit.o
 .debug_macro   0x00001389       0x3d ./src/bsp/hbird-e200/stubs/_exit.o
 .debug_macro   0x000013c6      0x51a ./src/bsp/hbird-e200/stubs/_exit.o
 .debug_macro   0x000018e0       0x1c ./src/bsp/hbird-e200/stubs/_exit.o
 .debug_macro   0x000018fc       0x22 ./src/bsp/hbird-e200/stubs/_exit.o
 .debug_macro   0x0000191e      0x1a2 ./src/bsp/hbird-e200/stubs/_exit.o
 .debug_macro   0x00001ac0       0x2e ./src/bsp/hbird-e200/stubs/_exit.o
 .debug_macro   0x00001aee       0x70 ./src/bsp/hbird-e200/stubs/_exit.o
 .debug_macro   0x00001b5e       0x5e ./src/bsp/hbird-e200/stubs/_exit.o
 .debug_macro   0x00001bbc       0xa0 ./src/bsp/hbird-e200/stubs/_exit.o
 .debug_macro   0x00001c5c      0x130 ./src/bsp/hbird-e200/stubs/_exit.o
 .debug_macro   0x00001d8c       0x58 ./src/bsp/hbird-e200/stubs/_exit.o
 .debug_macro   0x00001de4      0x1f0 ./src/bsp/hbird-e200/stubs/_exit.o
 .debug_macro   0x00001fd4      0x103 ./src/bsp/hbird-e200/stubs/_exit.o
 .debug_macro   0x000020d7      0x1df ./src/bsp/hbird-e200/stubs/_exit.o
 .debug_macro   0x000022b6       0x1f ./src/bsp/hbird-e200/stubs/_exit.o
 .debug_macro   0x000022d5       0x4c ./src/bsp/hbird-e200/stubs/_exit.o
 .debug_macro   0x00002321       0xe4 ./src/bsp/hbird-e200/stubs/close.o
 .debug_macro   0x00002405       0x10 ./src/bsp/hbird-e200/stubs/close.o
 .debug_macro   0x00002415       0x10 ./src/bsp/hbird-e200/stubs/close.o
 .debug_macro   0x00002425       0x58 ./src/bsp/hbird-e200/stubs/close.o
 .debug_macro   0x0000247d      0x1de ./src/bsp/hbird-e200/stubs/close.o
 .debug_macro   0x0000265b      0x23c ./src/bsp/hbird-e200/stubs/close.o
 .debug_macro   0x00002897      0x1dc ./src/bsp/hbird-e200/stubs/fstat.o
 .debug_macro   0x00002a73       0x16 ./src/bsp/hbird-e200/stubs/fstat.o
 .debug_macro   0x00002a89       0x3c ./src/bsp/hbird-e200/stubs/fstat.o
 .debug_macro   0x00002ac5       0x10 ./src/bsp/hbird-e200/stubs/fstat.o
 .debug_macro   0x00002ad5       0x10 ./src/bsp/hbird-e200/stubs/fstat.o
 .debug_macro   0x00002ae5       0x10 ./src/bsp/hbird-e200/stubs/fstat.o
 .debug_macro   0x00002af5       0x35 ./src/bsp/hbird-e200/stubs/fstat.o
 .debug_macro   0x00002b2a      0x12c ./src/bsp/hbird-e200/stubs/fstat.o
 .debug_macro   0x00002c56      0x152 ./src/bsp/hbird-e200/stubs/isatty.o
 .debug_macro   0x00002da8      0x194 ./src/bsp/hbird-e200/stubs/lseek.o
 .debug_macro   0x00002f3c      0x21a ./src/bsp/hbird-e200/stubs/read.o
 .debug_macro   0x00003156      0x20b ./src/bsp/hbird-e200/stubs/read.o
 .debug_macro   0x00003361       0x54 ./src/bsp/hbird-e200/stubs/sbrk.o
 .debug_macro   0x000033b5      0x21a ./src/bsp/hbird-e200/stubs/write.o
 .debug_macro   0x000035cf      0x1d8 ./src/bsp/hbird-e200/stubs/write_hex.o
 .debug_macro   0x000037a7      0x245 ./src/bsp/hbird-e200/env/init.o
 .debug_macro   0x000039ec       0x10 ./src/bsp/hbird-e200/env/init.o
 .debug_macro   0x000039fc     0x15c4 ./src/bsp/hbird-e200/env/init.o
 .debug_macro   0x00004fc0      0x254 ./src/main.o
 .debug_macro   0x00005214      0x15b ./src/main.o

.debug_line     0x00000000     0x1a4d
 .debug_line    0x00000000      0x1a7 ./src/bsp/hbird-e200/stubs/_exit.o
 .debug_line    0x000001a7       0xbb ./src/bsp/hbird-e200/stubs/close.o
 .debug_line    0x00000262      0x163 ./src/bsp/hbird-e200/stubs/fstat.o
 .debug_line    0x000003c5       0xf0 ./src/bsp/hbird-e200/stubs/isatty.o
 .debug_line    0x000004b5      0x125 ./src/bsp/hbird-e200/stubs/lseek.o
 .debug_line    0x000005da      0x1f7 ./src/bsp/hbird-e200/stubs/read.o
 .debug_line    0x000007d1       0xee ./src/bsp/hbird-e200/stubs/sbrk.o
 .debug_line    0x000008bf      0x22f ./src/bsp/hbird-e200/stubs/write.o
 .debug_line    0x00000aee      0x294 ./src/bsp/hbird-e200/stubs/write_hex.o
 .debug_line    0x00000d82       0x6e ./src/bsp/hbird-e200/env/entry.o
 .debug_line    0x00000df0      0x685 ./src/bsp/hbird-e200/env/init.o
 .debug_line    0x00001475      0x134 ./src/bsp/hbird-e200/env/start.o
 .debug_line    0x000015a9      0x4a4 ./src/main.o

.debug_str      0x00000000     0xf61e
 .debug_str     0x00000000     0xf61e ./src/bsp/hbird-e200/stubs/_exit.o
                               0x8b27 (size before relaxing)
 .debug_str     0x0000f61e     0x5e60 ./src/bsp/hbird-e200/stubs/close.o
 .debug_str     0x0000f61e     0x7fb4 ./src/bsp/hbird-e200/stubs/fstat.o
 .debug_str     0x0000f61e     0x6331 ./src/bsp/hbird-e200/stubs/isatty.o
 .debug_str     0x0000f61e     0x7900 ./src/bsp/hbird-e200/stubs/lseek.o
 .debug_str     0x0000f61e     0xa0f4 ./src/bsp/hbird-e200/stubs/read.o
 .debug_str     0x0000f61e     0x44cd ./src/bsp/hbird-e200/stubs/sbrk.o
 .debug_str     0x0000f61e     0xa0f5 ./src/bsp/hbird-e200/stubs/write.o
 .debug_str     0x0000f61e     0x8b34 ./src/bsp/hbird-e200/stubs/write_hex.o
 .debug_str     0x0000f61e       0x6c ./src/bsp/hbird-e200/env/entry.o
 .debug_str     0x0000f61e     0xec24 ./src/bsp/hbird-e200/env/init.o
 .debug_str     0x0000f61e       0x6c ./src/bsp/hbird-e200/env/start.o
 .debug_str     0x0000f61e     0xa30e ./src/main.o

.debug_line_str
                0x00000000      0x4da
 .debug_line_str
                0x00000000      0x4da ./src/bsp/hbird-e200/stubs/_exit.o
                                0x3b5 (size before relaxing)
 .debug_line_str
                0x000004da      0x275 ./src/bsp/hbird-e200/stubs/close.o
 .debug_line_str
                0x000004da      0x320 ./src/bsp/hbird-e200/stubs/fstat.o
 .debug_line_str
                0x000004da      0x2de ./src/bsp/hbird-e200/stubs/isatty.o
 .debug_line_str
                0x000004da      0x301 ./src/bsp/hbird-e200/stubs/lseek.o
 .debug_line_str
                0x000004da      0x3d8 ./src/bsp/hbird-e200/stubs/read.o
 .debug_line_str
                0x000004da      0x217 ./src/bsp/hbird-e200/stubs/sbrk.o
 .debug_line_str
                0x000004da      0x3db ./src/bsp/hbird-e200/stubs/write.o
 .debug_line_str
                0x000004da      0x3c1 ./src/bsp/hbird-e200/stubs/write_hex.o
 .debug_line_str
                0x000004da       0x5e ./src/bsp/hbird-e200/env/entry.o
 .debug_line_str
                0x000004da      0x3c7 ./src/bsp/hbird-e200/env/init.o
 .debug_line_str
                0x000004da       0x5e ./src/bsp/hbird-e200/env/start.o
 .debug_line_str
                0x000004da      0x3b7 ./src/main.o

.comment        0x00000000       0x33
 .comment       0x00000000       0x33 ./src/bsp/hbird-e200/stubs/_exit.o
                                 0x34 (size before relaxing)
 .comment       0x00000033       0x34 ./src/bsp/hbird-e200/stubs/close.o
 .comment       0x00000033       0x34 ./src/bsp/hbird-e200/stubs/fstat.o
 .comment       0x00000033       0x34 ./src/bsp/hbird-e200/stubs/isatty.o
 .comment       0x00000033       0x34 ./src/bsp/hbird-e200/stubs/lseek.o
 .comment       0x00000033       0x34 ./src/bsp/hbird-e200/stubs/read.o
 .comment       0x00000033       0x34 ./src/bsp/hbird-e200/stubs/sbrk.o
 .comment       0x00000033       0x34 ./src/bsp/hbird-e200/stubs/write.o
 .comment       0x00000033       0x34 ./src/bsp/hbird-e200/stubs/write_hex.o
 .comment       0x00000033       0x34 ./src/bsp/hbird-e200/env/init.o
 .comment       0x00000033       0x34 ./src/main.o
 .comment       0x00000033       0x34 /opt/xpack-riscv-none-elf-gcc-13.3.0-2/bin/../lib/gcc/riscv-none-elf/13.3.0/../../../../riscv-none-elf/lib/rv32ia/ilp32/libg_nano.a(libc_a-atexit.o)
 .comment       0x00000033       0x34 /opt/xpack-riscv-none-elf-gcc-13.3.0-2/bin/../lib/gcc/riscv-none-elf/13.3.0/../../../../riscv-none-elf/lib/rv32ia/ilp32/libg_nano.a(libc_a-exit.o)
 .comment       0x00000033       0x34 /opt/xpack-riscv-none-elf-gcc-13.3.0-2/bin/../lib/gcc/riscv-none-elf/13.3.0/../../../../riscv-none-elf/lib/rv32ia/ilp32/libg_nano.a(libc_a-findfp.o)
 .comment       0x00000033       0x34 /opt/xpack-riscv-none-elf-gcc-13.3.0-2/bin/../lib/gcc/riscv-none-elf/13.3.0/../../../../riscv-none-elf/lib/rv32ia/ilp32/libg_nano.a(libc_a-fwalk.o)
 .comment       0x00000033       0x34 /opt/xpack-riscv-none-elf-gcc-13.3.0-2/bin/../lib/gcc/riscv-none-elf/13.3.0/../../../../riscv-none-elf/lib/rv32ia/ilp32/libg_nano.a(libc_a-printf.o)
 .comment       0x00000033       0x34 /opt/xpack-riscv-none-elf-gcc-13.3.0-2/bin/../lib/gcc/riscv-none-elf/13.3.0/../../../../riscv-none-elf/lib/rv32ia/ilp32/libg_nano.a(libc_a-scanf.o)
 .comment       0x00000033       0x34 /opt/xpack-riscv-none-elf-gcc-13.3.0-2/bin/../lib/gcc/riscv-none-elf/13.3.0/../../../../riscv-none-elf/lib/rv32ia/ilp32/libg_nano.a(libc_a-stdio.o)
 .comment       0x00000033       0x34 /opt/xpack-riscv-none-elf-gcc-13.3.0-2/bin/../lib/gcc/riscv-none-elf/13.3.0/../../../../riscv-none-elf/lib/rv32ia/ilp32/libg_nano.a(libc_a-closer.o)
 .comment       0x00000033       0x34 /opt/xpack-riscv-none-elf-gcc-13.3.0-2/bin/../lib/gcc/riscv-none-elf/13.3.0/../../../../riscv-none-elf/lib/rv32ia/ilp32/libg_nano.a(libc_a-reent.o)
 .comment       0x00000033       0x34 /opt/xpack-riscv-none-elf-gcc-13.3.0-2/bin/../lib/gcc/riscv-none-elf/13.3.0/../../../../riscv-none-elf/lib/rv32ia/ilp32/libg_nano.a(libc_a-impure.o)
 .comment       0x00000033       0x34 /opt/xpack-riscv-none-elf-gcc-13.3.0-2/bin/../lib/gcc/riscv-none-elf/13.3.0/../../../../riscv-none-elf/lib/rv32ia/ilp32/libg_nano.a(libc_a-lseekr.o)
 .comment       0x00000033       0x34 /opt/xpack-riscv-none-elf-gcc-13.3.0-2/bin/../lib/gcc/riscv-none-elf/13.3.0/../../../../riscv-none-elf/lib/rv32ia/ilp32/libg_nano.a(libc_a-readr.o)
 .comment       0x00000033       0x34 /opt/xpack-riscv-none-elf-gcc-13.3.0-2/bin/../lib/gcc/riscv-none-elf/13.3.0/../../../../riscv-none-elf/lib/rv32ia/ilp32/libg_nano.a(libc_a-writer.o)
 .comment       0x00000033       0x34 /opt/xpack-riscv-none-elf-gcc-13.3.0-2/bin/../lib/gcc/riscv-none-elf/13.3.0/../../../../riscv-none-elf/lib/rv32ia/ilp32/libg_nano.a(libc_a-init.o)
 .comment       0x00000033       0x34 /opt/xpack-riscv-none-elf-gcc-13.3.0-2/bin/../lib/gcc/riscv-none-elf/13.3.0/../../../../riscv-none-elf/lib/rv32ia/ilp32/libg_nano.a(libc_a-fini.o)
 .comment       0x00000033       0x34 /opt/xpack-riscv-none-elf-gcc-13.3.0-2/bin/../lib/gcc/riscv-none-elf/13.3.0/../../../../riscv-none-elf/lib/rv32ia/ilp32/libg_nano.a(libc_a-lock.o)
 .comment       0x00000033       0x34 /opt/xpack-riscv-none-elf-gcc-13.3.0-2/bin/../lib/gcc/riscv-none-elf/13.3.0/../../../../riscv-none-elf/lib/rv32ia/ilp32/libg_nano.a(libc_a-sysisatty.o)
 .comment       0x00000033       0x34 /opt/xpack-riscv-none-elf-gcc-13.3.0-2/bin/../lib/gcc/riscv-none-elf/13.3.0/../../../../riscv-none-elf/lib/rv32ia/ilp32/libg_nano.a(libc_a-syswrite.o)
 .comment       0x00000033       0x34 /opt/xpack-riscv-none-elf-gcc-13.3.0-2/bin/../lib/gcc/riscv-none-elf/13.3.0/../../../../riscv-none-elf/lib/rv32ia/ilp32/libg_nano.a(libc_a-__atexit.o)
 .comment       0x00000033       0x34 /opt/xpack-riscv-none-elf-gcc-13.3.0-2/bin/../lib/gcc/riscv-none-elf/13.3.0/../../../../riscv-none-elf/lib/rv32ia/ilp32/libg_nano.a(libc_a-__call_atexit.o)
 .comment       0x00000033       0x34 /opt/xpack-riscv-none-elf-gcc-13.3.0-2/bin/../lib/gcc/riscv-none-elf/13.3.0/../../../../riscv-none-elf/lib/rv32ia/ilp32/libg_nano.a(libc_a-freer.o)
 .comment       0x00000033       0x34 /opt/xpack-riscv-none-elf-gcc-13.3.0-2/bin/../lib/gcc/riscv-none-elf/13.3.0/../../../../riscv-none-elf/lib/rv32ia/ilp32/libg_nano.a(libc_a-mallocr.o)
 .comment       0x00000033       0x34 /opt/xpack-riscv-none-elf-gcc-13.3.0-2/bin/../lib/gcc/riscv-none-elf/13.3.0/../../../../riscv-none-elf/lib/rv32ia/ilp32/libg_nano.a(libc_a-mlock.o)
 .comment       0x00000033       0x34 /opt/xpack-riscv-none-elf-gcc-13.3.0-2/bin/../lib/gcc/riscv-none-elf/13.3.0/../../../../riscv-none-elf/lib/rv32ia/ilp32/libg_nano.a(libc_a-nano-vfprintf.o)
 .comment       0x00000033       0x34 /opt/xpack-riscv-none-elf-gcc-13.3.0-2/bin/../lib/gcc/riscv-none-elf/13.3.0/../../../../riscv-none-elf/lib/rv32ia/ilp32/libg_nano.a(libc_a-nano-vfprintf_i.o)
 .comment       0x00000033       0x34 /opt/xpack-riscv-none-elf-gcc-13.3.0-2/bin/../lib/gcc/riscv-none-elf/13.3.0/../../../../riscv-none-elf/lib/rv32ia/ilp32/libg_nano.a(libc_a-nano-vfscanf.o)
 .comment       0x00000033       0x34 /opt/xpack-riscv-none-elf-gcc-13.3.0-2/bin/../lib/gcc/riscv-none-elf/13.3.0/../../../../riscv-none-elf/lib/rv32ia/ilp32/libg_nano.a(libc_a-nano-vfscanf_i.o)
 .comment       0x00000033       0x34 /opt/xpack-riscv-none-elf-gcc-13.3.0-2/bin/../lib/gcc/riscv-none-elf/13.3.0/../../../../riscv-none-elf/lib/rv32ia/ilp32/libg_nano.a(libc_a-fflush.o)
 .comment       0x00000033       0x34 /opt/xpack-riscv-none-elf-gcc-13.3.0-2/bin/../lib/gcc/riscv-none-elf/13.3.0/../../../../riscv-none-elf/lib/rv32ia/ilp32/libg_nano.a(libc_a-refill.o)
 .comment       0x00000033       0x34 /opt/xpack-riscv-none-elf-gcc-13.3.0-2/bin/../lib/gcc/riscv-none-elf/13.3.0/../../../../riscv-none-elf/lib/rv32ia/ilp32/libg_nano.a(libc_a-sccl.o)
 .comment       0x00000033       0x34 /opt/xpack-riscv-none-elf-gcc-13.3.0-2/bin/../lib/gcc/riscv-none-elf/13.3.0/../../../../riscv-none-elf/lib/rv32ia/ilp32/libg_nano.a(libc_a-ungetc.o)
 .comment       0x00000033       0x34 /opt/xpack-riscv-none-elf-gcc-13.3.0-2/bin/../lib/gcc/riscv-none-elf/13.3.0/../../../../riscv-none-elf/lib/rv32ia/ilp32/libg_nano.a(libc_a-wbuf.o)
 .comment       0x00000033       0x34 /opt/xpack-riscv-none-elf-gcc-13.3.0-2/bin/../lib/gcc/riscv-none-elf/13.3.0/../../../../riscv-none-elf/lib/rv32ia/ilp32/libg_nano.a(libc_a-wsetup.o)
 .comment       0x00000033       0x34 /opt/xpack-riscv-none-elf-gcc-13.3.0-2/bin/../lib/gcc/riscv-none-elf/13.3.0/../../../../riscv-none-elf/lib/rv32ia/ilp32/libg_nano.a(libc_a-memchr.o)
 .comment       0x00000033       0x34 /opt/xpack-riscv-none-elf-gcc-13.3.0-2/bin/../lib/gcc/riscv-none-elf/13.3.0/../../../../riscv-none-elf/lib/rv32ia/ilp32/libg_nano.a(libc_a-sbrkr.o)
 .comment       0x00000033       0x34 /opt/xpack-riscv-none-elf-gcc-13.3.0-2/bin/../lib/gcc/riscv-none-elf/13.3.0/../../../../riscv-none-elf/lib/rv32ia/ilp32/libg_nano.a(libc_a-reallocr.o)
 .comment       0x00000033       0x34 /opt/xpack-riscv-none-elf-gcc-13.3.0-2/bin/../lib/gcc/riscv-none-elf/13.3.0/../../../../riscv-none-elf/lib/rv32ia/ilp32/libg_nano.a(libc_a-strtol.o)
 .comment       0x00000033       0x34 /opt/xpack-riscv-none-elf-gcc-13.3.0-2/bin/../lib/gcc/riscv-none-elf/13.3.0/../../../../riscv-none-elf/lib/rv32ia/ilp32/libg_nano.a(libc_a-strtoul.o)
 .comment       0x00000033       0x34 /opt/xpack-riscv-none-elf-gcc-13.3.0-2/bin/../lib/gcc/riscv-none-elf/13.3.0/../../../../riscv-none-elf/lib/rv32ia/ilp32/libg_nano.a(libc_a-ctype_.o)
 .comment       0x00000033       0x34 /opt/xpack-riscv-none-elf-gcc-13.3.0-2/bin/../lib/gcc/riscv-none-elf/13.3.0/../../../../riscv-none-elf/lib/rv32ia/ilp32/libg_nano.a(libc_a-makebuf.o)
 .comment       0x00000033       0x34 /opt/xpack-riscv-none-elf-gcc-13.3.0-2/bin/../lib/gcc/riscv-none-elf/13.3.0/../../../../riscv-none-elf/lib/rv32ia/ilp32/libg_nano.a(libc_a-fstatr.o)
 .comment       0x00000033       0x34 /opt/xpack-riscv-none-elf-gcc-13.3.0-2/bin/../lib/gcc/riscv-none-elf/13.3.0/../../../../riscv-none-elf/lib/rv32ia/ilp32/libg_nano.a(libc_a-isattyr.o)
 .comment       0x00000033       0x34 /opt/xpack-riscv-none-elf-gcc-13.3.0-2/bin/../lib/gcc/riscv-none-elf/13.3.0/../../../../riscv-none-elf/lib/rv32ia/ilp32/libg_nano.a(libc_a-errno.o)
 .comment       0x00000033       0x34 /opt/xpack-riscv-none-elf-gcc-13.3.0-2/bin/../lib/gcc/riscv-none-elf/13.3.0/../../../../riscv-none-elf/lib/rv32ia/ilp32/libg_nano.a(libc_a-msizer.o)

.riscv.attributes
                0x00000000       0x4f
 .riscv.attributes
                0x00000000       0x4b ./src/bsp/hbird-e200/stubs/_exit.o
 .riscv.attributes
                0x0000004b       0x4b ./src/bsp/hbird-e200/stubs/close.o
 .riscv.attributes
                0x00000096       0x4b ./src/bsp/hbird-e200/stubs/fstat.o
 .riscv.attributes
                0x000000e1       0x4b ./src/bsp/hbird-e200/stubs/isatty.o
 .riscv.attributes
                0x0000012c       0x4b ./src/bsp/hbird-e200/stubs/lseek.o
 .riscv.attributes
                0x00000177       0x4b ./src/bsp/hbird-e200/stubs/read.o
 .riscv.attributes
                0x000001c2       0x4b ./src/bsp/hbird-e200/stubs/sbrk.o
 .riscv.attributes
                0x0000020d       0x4b ./src/bsp/hbird-e200/stubs/write.o
 .riscv.attributes
                0x00000258       0x4b ./src/bsp/hbird-e200/stubs/write_hex.o
 .riscv.attributes
                0x000002a3       0x4d ./src/bsp/hbird-e200/env/entry.o
 .riscv.attributes
                0x000002f0       0x4f ./src/bsp/hbird-e200/env/init.o
 .riscv.attributes
                0x0000033f       0x4d ./src/bsp/hbird-e200/env/start.o
 .riscv.attributes
                0x0000038c       0x4b ./src/main.o
 .riscv.attributes
                0x000003d7       0x32 /opt/xpack-riscv-none-elf-gcc-13.3.0-2/bin/../lib/gcc/riscv-none-elf/13.3.0/rv32ia/ilp32/libgcc.a(muldi3.o)
 .riscv.attributes
                0x00000409       0x34 /opt/xpack-riscv-none-elf-gcc-13.3.0-2/bin/../lib/gcc/riscv-none-elf/13.3.0/../../../../riscv-none-elf/lib/rv32ia/ilp32/libg_nano.a(libc_a-atexit.o)
 .riscv.attributes
                0x0000043d       0x34 /opt/xpack-riscv-none-elf-gcc-13.3.0-2/bin/../lib/gcc/riscv-none-elf/13.3.0/../../../../riscv-none-elf/lib/rv32ia/ilp32/libg_nano.a(libc_a-exit.o)
 .riscv.attributes
                0x00000471       0x34 /opt/xpack-riscv-none-elf-gcc-13.3.0-2/bin/../lib/gcc/riscv-none-elf/13.3.0/../../../../riscv-none-elf/lib/rv32ia/ilp32/libg_nano.a(libc_a-findfp.o)
 .riscv.attributes
                0x000004a5       0x34 /opt/xpack-riscv-none-elf-gcc-13.3.0-2/bin/../lib/gcc/riscv-none-elf/13.3.0/../../../../riscv-none-elf/lib/rv32ia/ilp32/libg_nano.a(libc_a-fwalk.o)
 .riscv.attributes
                0x000004d9       0x34 /opt/xpack-riscv-none-elf-gcc-13.3.0-2/bin/../lib/gcc/riscv-none-elf/13.3.0/../../../../riscv-none-elf/lib/rv32ia/ilp32/libg_nano.a(libc_a-printf.o)
 .riscv.attributes
                0x0000050d       0x34 /opt/xpack-riscv-none-elf-gcc-13.3.0-2/bin/../lib/gcc/riscv-none-elf/13.3.0/../../../../riscv-none-elf/lib/rv32ia/ilp32/libg_nano.a(libc_a-scanf.o)
 .riscv.attributes
                0x00000541       0x34 /opt/xpack-riscv-none-elf-gcc-13.3.0-2/bin/../lib/gcc/riscv-none-elf/13.3.0/../../../../riscv-none-elf/lib/rv32ia/ilp32/libg_nano.a(libc_a-stdio.o)
 .riscv.attributes
                0x00000575       0x34 /opt/xpack-riscv-none-elf-gcc-13.3.0-2/bin/../lib/gcc/riscv-none-elf/13.3.0/../../../../riscv-none-elf/lib/rv32ia/ilp32/libg_nano.a(libc_a-closer.o)
 .riscv.attributes
                0x000005a9       0x34 /opt/xpack-riscv-none-elf-gcc-13.3.0-2/bin/../lib/gcc/riscv-none-elf/13.3.0/../../../../riscv-none-elf/lib/rv32ia/ilp32/libg_nano.a(libc_a-reent.o)
 .riscv.attributes
                0x000005dd       0x34 /opt/xpack-riscv-none-elf-gcc-13.3.0-2/bin/../lib/gcc/riscv-none-elf/13.3.0/../../../../riscv-none-elf/lib/rv32ia/ilp32/libg_nano.a(libc_a-impure.o)
 .riscv.attributes
                0x00000611       0x34 /opt/xpack-riscv-none-elf-gcc-13.3.0-2/bin/../lib/gcc/riscv-none-elf/13.3.0/../../../../riscv-none-elf/lib/rv32ia/ilp32/libg_nano.a(libc_a-lseekr.o)
 .riscv.attributes
                0x00000645       0x34 /opt/xpack-riscv-none-elf-gcc-13.3.0-2/bin/../lib/gcc/riscv-none-elf/13.3.0/../../../../riscv-none-elf/lib/rv32ia/ilp32/libg_nano.a(libc_a-readr.o)
 .riscv.attributes
                0x00000679       0x34 /opt/xpack-riscv-none-elf-gcc-13.3.0-2/bin/../lib/gcc/riscv-none-elf/13.3.0/../../../../riscv-none-elf/lib/rv32ia/ilp32/libg_nano.a(libc_a-writer.o)
 .riscv.attributes
                0x000006ad       0x34 /opt/xpack-riscv-none-elf-gcc-13.3.0-2/bin/../lib/gcc/riscv-none-elf/13.3.0/../../../../riscv-none-elf/lib/rv32ia/ilp32/libg_nano.a(libc_a-init.o)
 .riscv.attributes
                0x000006e1       0x34 /opt/xpack-riscv-none-elf-gcc-13.3.0-2/bin/../lib/gcc/riscv-none-elf/13.3.0/../../../../riscv-none-elf/lib/rv32ia/ilp32/libg_nano.a(libc_a-fini.o)
 .riscv.attributes
                0x00000715       0x34 /opt/xpack-riscv-none-elf-gcc-13.3.0-2/bin/../lib/gcc/riscv-none-elf/13.3.0/../../../../riscv-none-elf/lib/rv32ia/ilp32/libg_nano.a(libc_a-lock.o)
 .riscv.attributes
                0x00000749       0x34 /opt/xpack-riscv-none-elf-gcc-13.3.0-2/bin/../lib/gcc/riscv-none-elf/13.3.0/../../../../riscv-none-elf/lib/rv32ia/ilp32/libg_nano.a(libc_a-sysisatty.o)
 .riscv.attributes
                0x0000077d       0x34 /opt/xpack-riscv-none-elf-gcc-13.3.0-2/bin/../lib/gcc/riscv-none-elf/13.3.0/../../../../riscv-none-elf/lib/rv32ia/ilp32/libg_nano.a(libc_a-syswrite.o)
 .riscv.attributes
                0x000007b1       0x32 /opt/xpack-riscv-none-elf-gcc-13.3.0-2/bin/../lib/gcc/riscv-none-elf/13.3.0/../../../../riscv-none-elf/lib/rv32ia/ilp32/libg_nano.a(libc_a-memset.o)
 .riscv.attributes
                0x000007e3       0x34 /opt/xpack-riscv-none-elf-gcc-13.3.0-2/bin/../lib/gcc/riscv-none-elf/13.3.0/../../../../riscv-none-elf/lib/rv32ia/ilp32/libg_nano.a(libc_a-__atexit.o)
 .riscv.attributes
                0x00000817       0x34 /opt/xpack-riscv-none-elf-gcc-13.3.0-2/bin/../lib/gcc/riscv-none-elf/13.3.0/../../../../riscv-none-elf/lib/rv32ia/ilp32/libg_nano.a(libc_a-__call_atexit.o)
 .riscv.attributes
                0x0000084b       0x34 /opt/xpack-riscv-none-elf-gcc-13.3.0-2/bin/../lib/gcc/riscv-none-elf/13.3.0/../../../../riscv-none-elf/lib/rv32ia/ilp32/libg_nano.a(libc_a-freer.o)
 .riscv.attributes
                0x0000087f       0x34 /opt/xpack-riscv-none-elf-gcc-13.3.0-2/bin/../lib/gcc/riscv-none-elf/13.3.0/../../../../riscv-none-elf/lib/rv32ia/ilp32/libg_nano.a(libc_a-mallocr.o)
 .riscv.attributes
                0x000008b3       0x34 /opt/xpack-riscv-none-elf-gcc-13.3.0-2/bin/../lib/gcc/riscv-none-elf/13.3.0/../../../../riscv-none-elf/lib/rv32ia/ilp32/libg_nano.a(libc_a-mlock.o)
 .riscv.attributes
                0x000008e7       0x34 /opt/xpack-riscv-none-elf-gcc-13.3.0-2/bin/../lib/gcc/riscv-none-elf/13.3.0/../../../../riscv-none-elf/lib/rv32ia/ilp32/libg_nano.a(libc_a-nano-vfprintf.o)
 .riscv.attributes
                0x0000091b       0x34 /opt/xpack-riscv-none-elf-gcc-13.3.0-2/bin/../lib/gcc/riscv-none-elf/13.3.0/../../../../riscv-none-elf/lib/rv32ia/ilp32/libg_nano.a(libc_a-nano-vfprintf_i.o)
 .riscv.attributes
                0x0000094f       0x34 /opt/xpack-riscv-none-elf-gcc-13.3.0-2/bin/../lib/gcc/riscv-none-elf/13.3.0/../../../../riscv-none-elf/lib/rv32ia/ilp32/libg_nano.a(libc_a-nano-vfscanf.o)
 .riscv.attributes
                0x00000983       0x34 /opt/xpack-riscv-none-elf-gcc-13.3.0-2/bin/../lib/gcc/riscv-none-elf/13.3.0/../../../../riscv-none-elf/lib/rv32ia/ilp32/libg_nano.a(libc_a-nano-vfscanf_i.o)
 .riscv.attributes
                0x000009b7       0x34 /opt/xpack-riscv-none-elf-gcc-13.3.0-2/bin/../lib/gcc/riscv-none-elf/13.3.0/../../../../riscv-none-elf/lib/rv32ia/ilp32/libg_nano.a(libc_a-fflush.o)
 .riscv.attributes
                0x000009eb       0x34 /opt/xpack-riscv-none-elf-gcc-13.3.0-2/bin/../lib/gcc/riscv-none-elf/13.3.0/../../../../riscv-none-elf/lib/rv32ia/ilp32/libg_nano.a(libc_a-refill.o)
 .riscv.attributes
                0x00000a1f       0x34 /opt/xpack-riscv-none-elf-gcc-13.3.0-2/bin/../lib/gcc/riscv-none-elf/13.3.0/../../../../riscv-none-elf/lib/rv32ia/ilp32/libg_nano.a(libc_a-sccl.o)
 .riscv.attributes
                0x00000a53       0x34 /opt/xpack-riscv-none-elf-gcc-13.3.0-2/bin/../lib/gcc/riscv-none-elf/13.3.0/../../../../riscv-none-elf/lib/rv32ia/ilp32/libg_nano.a(libc_a-ungetc.o)
 .riscv.attributes
                0x00000a87       0x34 /opt/xpack-riscv-none-elf-gcc-13.3.0-2/bin/../lib/gcc/riscv-none-elf/13.3.0/../../../../riscv-none-elf/lib/rv32ia/ilp32/libg_nano.a(libc_a-wbuf.o)
 .riscv.attributes
                0x00000abb       0x34 /opt/xpack-riscv-none-elf-gcc-13.3.0-2/bin/../lib/gcc/riscv-none-elf/13.3.0/../../../../riscv-none-elf/lib/rv32ia/ilp32/libg_nano.a(libc_a-wsetup.o)
 .riscv.attributes
                0x00000aef       0x34 /opt/xpack-riscv-none-elf-gcc-13.3.0-2/bin/../lib/gcc/riscv-none-elf/13.3.0/../../../../riscv-none-elf/lib/rv32ia/ilp32/libg_nano.a(libc_a-memchr.o)
 .riscv.attributes
                0x00000b23       0x34 /opt/xpack-riscv-none-elf-gcc-13.3.0-2/bin/../lib/gcc/riscv-none-elf/13.3.0/../../../../riscv-none-elf/lib/rv32ia/ilp32/libg_nano.a(libc_a-sbrkr.o)
 .riscv.attributes
                0x00000b57       0x32 /opt/xpack-riscv-none-elf-gcc-13.3.0-2/bin/../lib/gcc/riscv-none-elf/13.3.0/../../../../riscv-none-elf/lib/rv32ia/ilp32/libg_nano.a(libc_a-memcpy-asm.o)
 .riscv.attributes
                0x00000b89       0x34 /opt/xpack-riscv-none-elf-gcc-13.3.0-2/bin/../lib/gcc/riscv-none-elf/13.3.0/../../../../riscv-none-elf/lib/rv32ia/ilp32/libg_nano.a(libc_a-reallocr.o)
 .riscv.attributes
                0x00000bbd       0x34 /opt/xpack-riscv-none-elf-gcc-13.3.0-2/bin/../lib/gcc/riscv-none-elf/13.3.0/../../../../riscv-none-elf/lib/rv32ia/ilp32/libg_nano.a(libc_a-strtol.o)
 .riscv.attributes
                0x00000bf1       0x34 /opt/xpack-riscv-none-elf-gcc-13.3.0-2/bin/../lib/gcc/riscv-none-elf/13.3.0/../../../../riscv-none-elf/lib/rv32ia/ilp32/libg_nano.a(libc_a-strtoul.o)
 .riscv.attributes
                0x00000c25       0x34 /opt/xpack-riscv-none-elf-gcc-13.3.0-2/bin/../lib/gcc/riscv-none-elf/13.3.0/../../../../riscv-none-elf/lib/rv32ia/ilp32/libg_nano.a(libc_a-ctype_.o)
 .riscv.attributes
                0x00000c59       0x34 /opt/xpack-riscv-none-elf-gcc-13.3.0-2/bin/../lib/gcc/riscv-none-elf/13.3.0/../../../../riscv-none-elf/lib/rv32ia/ilp32/libg_nano.a(libc_a-makebuf.o)
 .riscv.attributes
                0x00000c8d       0x34 /opt/xpack-riscv-none-elf-gcc-13.3.0-2/bin/../lib/gcc/riscv-none-elf/13.3.0/../../../../riscv-none-elf/lib/rv32ia/ilp32/libg_nano.a(libc_a-fstatr.o)
 .riscv.attributes
                0x00000cc1       0x34 /opt/xpack-riscv-none-elf-gcc-13.3.0-2/bin/../lib/gcc/riscv-none-elf/13.3.0/../../../../riscv-none-elf/lib/rv32ia/ilp32/libg_nano.a(libc_a-isattyr.o)
 .riscv.attributes
                0x00000cf5       0x34 /opt/xpack-riscv-none-elf-gcc-13.3.0-2/bin/../lib/gcc/riscv-none-elf/13.3.0/../../../../riscv-none-elf/lib/rv32ia/ilp32/libg_nano.a(libc_a-errno.o)
 .riscv.attributes
                0x00000d29       0x34 /opt/xpack-riscv-none-elf-gcc-13.3.0-2/bin/../lib/gcc/riscv-none-elf/13.3.0/../../../../riscv-none-elf/lib/rv32ia/ilp32/libg_nano.a(libc_a-msizer.o)
 .riscv.attributes
                0x00000d5d       0x32 /opt/xpack-riscv-none-elf-gcc-13.3.0-2/bin/../lib/gcc/riscv-none-elf/13.3.0/rv32ia/ilp32/libgcc.a(div.o)

.debug_frame    0x00000000      0x2dc
 .debug_frame   0x00000000       0x2c ./src/bsp/hbird-e200/stubs/_exit.o
 .debug_frame   0x0000002c       0x20 ./src/bsp/hbird-e200/stubs/close.o
 .debug_frame   0x0000004c       0x34 ./src/bsp/hbird-e200/stubs/fstat.o
 .debug_frame   0x00000080       0x20 ./src/bsp/hbird-e200/stubs/isatty.o
 .debug_frame   0x000000a0       0x2c ./src/bsp/hbird-e200/stubs/lseek.o
 .debug_frame   0x000000cc       0x3c ./src/bsp/hbird-e200/stubs/read.o
 .debug_frame   0x00000108       0x20 ./src/bsp/hbird-e200/stubs/sbrk.o
 .debug_frame   0x00000128       0x38 ./src/bsp/hbird-e200/stubs/write.o
 .debug_frame   0x00000160       0x48 ./src/bsp/hbird-e200/stubs/write_hex.o
 .debug_frame   0x000001a8       0xfc ./src/bsp/hbird-e200/env/init.o
 .debug_frame   0x000002a4       0x38 ./src/main.o
